  PE : 64 bit
  DLL : no
  Packed : no
  Anti-Debug : yes
  GUI Program : no
  Console Program : yes
  contains base64
  PEiD : ["Microsoft_Visual_Cpp_80_DLL"]
